Archive member included to satisfy reference by file (symbol)

C:/ST/STM32CubeCLT_1.18.0/GNU-tools-for-STM32/bin/../lib/gcc/arm-none-eabi/13.3.1/../../../../arm-none-eabi/lib/thumb/v6-m/nofp\libc_nano.a(libc_a-exit.o)
                              C:/ST/STM32CubeCLT_1.18.0/GNU-tools-for-STM32/bin/../lib/gcc/arm-none-eabi/13.3.1/../../../../arm-none-eabi/lib/thumb/v6-m/nofp/crt0.o (exit)
C:/ST/STM32CubeCLT_1.18.0/GNU-tools-for-STM32/bin/../lib/gcc/arm-none-eabi/13.3.1/../../../../arm-none-eabi/lib/thumb/v6-m/nofp\libc_nano.a(libc_a-findfp.o)
                              C:/ST/STM32CubeCLT_1.18.0/GNU-tools-for-STM32/bin/../lib/gcc/arm-none-eabi/13.3.1/../../../../arm-none-eabi/lib/thumb/v6-m/nofp\libc_nano.a(libc_a-exit.o) (__stdio_exit_handler)
C:/ST/STM32CubeCLT_1.18.0/GNU-tools-for-STM32/bin/../lib/gcc/arm-none-eabi/13.3.1/../../../../arm-none-eabi/lib/thumb/v6-m/nofp\libc_nano.a(libc_a-fwalk.o)
                              C:/ST/STM32CubeCLT_1.18.0/GNU-tools-for-STM32/bin/../lib/gcc/arm-none-eabi/13.3.1/../../../../arm-none-eabi/lib/thumb/v6-m/nofp\libc_nano.a(libc_a-findfp.o) (_fwalk_sglue)
C:/ST/STM32CubeCLT_1.18.0/GNU-tools-for-STM32/bin/../lib/gcc/arm-none-eabi/13.3.1/../../../../arm-none-eabi/lib/thumb/v6-m/nofp\libc_nano.a(libc_a-stdio.o)
                              C:/ST/STM32CubeCLT_1.18.0/GNU-tools-for-STM32/bin/../lib/gcc/arm-none-eabi/13.3.1/../../../../arm-none-eabi/lib/thumb/v6-m/nofp\libc_nano.a(libc_a-findfp.o) (__sread)
C:/ST/STM32CubeCLT_1.18.0/GNU-tools-for-STM32/bin/../lib/gcc/arm-none-eabi/13.3.1/../../../../arm-none-eabi/lib/thumb/v6-m/nofp\libc_nano.a(libc_a-memset.o)
                              C:/ST/STM32CubeCLT_1.18.0/GNU-tools-for-STM32/bin/../lib/gcc/arm-none-eabi/13.3.1/../../../../arm-none-eabi/lib/thumb/v6-m/nofp/crt0.o (memset)
C:/ST/STM32CubeCLT_1.18.0/GNU-tools-for-STM32/bin/../lib/gcc/arm-none-eabi/13.3.1/../../../../arm-none-eabi/lib/thumb/v6-m/nofp\libc_nano.a(libc_a-closer.o)
                              C:/ST/STM32CubeCLT_1.18.0/GNU-tools-for-STM32/bin/../lib/gcc/arm-none-eabi/13.3.1/../../../../arm-none-eabi/lib/thumb/v6-m/nofp\libc_nano.a(libc_a-stdio.o) (_close_r)
C:/ST/STM32CubeCLT_1.18.0/GNU-tools-for-STM32/bin/../lib/gcc/arm-none-eabi/13.3.1/../../../../arm-none-eabi/lib/thumb/v6-m/nofp\libc_nano.a(libc_a-reent.o)
                              C:/ST/STM32CubeCLT_1.18.0/GNU-tools-for-STM32/bin/../lib/gcc/arm-none-eabi/13.3.1/../../../../arm-none-eabi/lib/thumb/v6-m/nofp\libc_nano.a(libc_a-closer.o) (errno)
C:/ST/STM32CubeCLT_1.18.0/GNU-tools-for-STM32/bin/../lib/gcc/arm-none-eabi/13.3.1/../../../../arm-none-eabi/lib/thumb/v6-m/nofp\libc_nano.a(libc_a-impure.o)
                              C:/ST/STM32CubeCLT_1.18.0/GNU-tools-for-STM32/bin/../lib/gcc/arm-none-eabi/13.3.1/../../../../arm-none-eabi/lib/thumb/v6-m/nofp\libc_nano.a(libc_a-reent.o) (_impure_ptr)
C:/ST/STM32CubeCLT_1.18.0/GNU-tools-for-STM32/bin/../lib/gcc/arm-none-eabi/13.3.1/../../../../arm-none-eabi/lib/thumb/v6-m/nofp\libc_nano.a(libc_a-lseekr.o)
                              C:/ST/STM32CubeCLT_1.18.0/GNU-tools-for-STM32/bin/../lib/gcc/arm-none-eabi/13.3.1/../../../../arm-none-eabi/lib/thumb/v6-m/nofp\libc_nano.a(libc_a-stdio.o) (_lseek_r)
C:/ST/STM32CubeCLT_1.18.0/GNU-tools-for-STM32/bin/../lib/gcc/arm-none-eabi/13.3.1/../../../../arm-none-eabi/lib/thumb/v6-m/nofp\libc_nano.a(libc_a-readr.o)
                              C:/ST/STM32CubeCLT_1.18.0/GNU-tools-for-STM32/bin/../lib/gcc/arm-none-eabi/13.3.1/../../../../arm-none-eabi/lib/thumb/v6-m/nofp\libc_nano.a(libc_a-stdio.o) (_read_r)
C:/ST/STM32CubeCLT_1.18.0/GNU-tools-for-STM32/bin/../lib/gcc/arm-none-eabi/13.3.1/../../../../arm-none-eabi/lib/thumb/v6-m/nofp\libc_nano.a(libc_a-writer.o)
                              C:/ST/STM32CubeCLT_1.18.0/GNU-tools-for-STM32/bin/../lib/gcc/arm-none-eabi/13.3.1/../../../../arm-none-eabi/lib/thumb/v6-m/nofp\libc_nano.a(libc_a-stdio.o) (_write_r)
C:/ST/STM32CubeCLT_1.18.0/GNU-tools-for-STM32/bin/../lib/gcc/arm-none-eabi/13.3.1/../../../../arm-none-eabi/lib/thumb/v6-m/nofp\libc_nano.a(libc_a-init.o)
                              C:/ST/STM32CubeCLT_1.18.0/GNU-tools-for-STM32/bin/../lib/gcc/arm-none-eabi/13.3.1/../../../../arm-none-eabi/lib/thumb/v6-m/nofp/crt0.o (__libc_init_array)
C:/ST/STM32CubeCLT_1.18.0/GNU-tools-for-STM32/bin/../lib/gcc/arm-none-eabi/13.3.1/../../../../arm-none-eabi/lib/thumb/v6-m/nofp\libc_nano.a(libc_a-lock.o)
                              C:/ST/STM32CubeCLT_1.18.0/GNU-tools-for-STM32/bin/../lib/gcc/arm-none-eabi/13.3.1/../../../../arm-none-eabi/lib/thumb/v6-m/nofp\libc_nano.a(libc_a-findfp.o) (__retarget_lock_init_recursive)
C:/ST/STM32CubeCLT_1.18.0/GNU-tools-for-STM32/bin/../lib/gcc/arm-none-eabi/13.3.1/../../../../arm-none-eabi/lib/thumb/v6-m/nofp\libc_nano.a(libc_a-freer.o)
                              C:/ST/STM32CubeCLT_1.18.0/GNU-tools-for-STM32/bin/../lib/gcc/arm-none-eabi/13.3.1/../../../../arm-none-eabi/lib/thumb/v6-m/nofp\libc_nano.a(libc_a-reent.o) (_free_r)
[...]
Memory Configuration

Name             Origin             Length             Attributes
RAM              0x20000000         0x00001000         xrw
FLASH            0x08000000         0x00008000         xr
*default*        0x00000000         0xffffffff

Linker script and memory map

LOAD C:/ST/STM32CubeCLT_1.18.0/GNU-tools-for-STM32/bin/../lib/gcc/arm-none-eabi/13.3.1/thumb/v6-m/nofp/crti.o
LOAD C:/ST/STM32CubeCLT_1.18.0/GNU-tools-for-STM32/bin/../lib/gcc/arm-none-eabi/13.3.1/thumb/v6-m/nofp/crtbegin.o
LOAD C:/ST/STM32CubeCLT_1.18.0/GNU-tools-for-STM32/bin/../lib/gcc/arm-none-eabi/13.3.1/../../../../arm-none-eabi/lib/thumb/v6-m/nofp/crt0.o
START GROUP
LOAD C:/ST/STM32CubeCLT_1.18.0/GNU-tools-for-STM32/bin/../lib/gcc/arm-none-eabi/13.3.1/../../../../arm-none-eabi/lib/thumb/v6-m/nofp\libc_nano.a
LOAD C:/ST/STM32CubeCLT_1.18.0/GNU-tools-for-STM32/bin/../lib/gcc/arm-none-eabi/13.3.1/../../../../arm-none-eabi/lib/thumb/v6-m/nofp\libm.a
END GROUP
LOAD CMakeFiles/STM32_ParLED256.dir/Drivers/MyLib/Src/matrixled.c.obj
LOAD CMakeFiles/STM32_ParLED256.dir/Core/Src/main.c.obj
LOAD CMakeFiles/STM32_ParLED256.dir/Core/Src/stm32f0xx_it.c.obj
LOAD CMakeFiles/STM32_ParLED256.dir/Core/Src/stm32f0xx_hal_msp.c.obj
LOAD CMakeFiles/STM32_ParLED256.dir/Drivers/STM32F0xx_HAL_Driver/Src/stm32f0xx_hal_tim.c.obj
LOAD CMakeFiles/STM32_ParLED256.dir/Drivers/STM32F0xx_HAL_Driver/Src/stm32f0xx_hal_tim_ex.c.obj
LOAD CMakeFiles/STM32_ParLED256.dir/Drivers/STM32F0xx_HAL_Driver/Src/stm32f0xx_hal_rcc.c.obj
LOAD CMakeFiles/STM32_ParLED256.dir/Drivers/STM32F0xx_HAL_Driver/Src/stm32f0xx_hal_rcc_ex.c.obj
LOAD CMakeFiles/STM32_ParLED256.dir/Drivers/STM32F0xx_HAL_Driver/Src/stm32f0xx_hal.c.obj
LOAD CMakeFiles/STM32_ParLED256.dir/Drivers/STM32F0xx_HAL_Driver/Src/stm32f0xx_hal_i2c.c.obj
LOAD CMakeFiles/STM32_ParLED256.dir/Drivers/STM32F0xx_HAL_Driver/Src/stm32f0xx_hal_i2c_ex.c.obj
LOAD CMakeFiles/STM32_ParLED256.dir/Drivers/STM32F0xx_HAL_Driver/Src/stm32f0xx_hal_gpio.c.obj
LOAD CMakeFiles/STM32_ParLED256.dir/Drivers/STM32F0xx_HAL_Driver/Src/stm32f0xx_hal_dma.c.obj
LOAD CMakeFiles/STM32_ParLED256.dir/Drivers/STM32F0xx_HAL_Driver/Src/stm32f0xx_hal_cortex.c.obj
LOAD CMakeFiles/STM32_ParLED256.dir/Drivers/STM32F0xx_HAL_Driver/Src/stm32f0xx_hal_pwr.c.obj
LOAD CMakeFiles/STM32_ParLED256.dir/Drivers/STM32F0xx_HAL_Driver/Src/stm32f0xx_hal_pwr_ex.c.obj
LOAD CMakeFiles/STM32_ParLED256.dir/Drivers/STM32F0xx_HAL_Driver/Src/stm32f0xx_hal_flash.c.obj
LOAD CMakeFiles/STM32_ParLED256.dir/Drivers/STM32F0xx_HAL_Driver/Src/stm32f0xx_hal_flash_ex.c.obj
LOAD CMakeFiles/STM32_ParLED256.dir/Drivers/STM32F0xx_HAL_Driver/Src/stm32f0xx_hal_exti.c.obj
LOAD CMakeFiles/STM32_ParLED256.dir/Drivers/STM32F0xx_HAL_Driver/Src/stm32f0xx_hal_uart.c.obj
LOAD CMakeFiles/STM32_ParLED256.dir/Drivers/STM32F0xx_HAL_Driver/Src/stm32f0xx_hal_uart_ex.c.obj
LOAD CMakeFiles/STM32_ParLED256.dir/Core/Src/system_stm32f0xx.c.obj
LOAD CMakeFiles/STM32_ParLED256.dir/Core/Src/sysmem.c.obj
LOAD CMakeFiles/STM32_ParLED256.dir/Core/Src/syscalls.c.obj
LOAD CMakeFiles/STM32_ParLED256.dir/startup_stm32f030x6.s.obj
START GROUP
LOAD C:/ST/STM32CubeCLT_1.18.0/GNU-tools-for-STM32/bin/../lib/gcc/arm-none-eabi/13.3.1/thumb/v6-m/nofp\libgcc.a
LOAD C:/ST/STM32CubeCLT_1.18.0/GNU-tools-for-STM32/bin/../lib/gcc/arm-none-eabi/13.3.1/../../../../arm-none-eabi/lib/thumb/v6-m/nofp\libg_nano.a
LOAD C:/ST/STM32CubeCLT_1.18.0/GNU-tools-for-STM32/bin/../lib/gcc/arm-none-eabi/13.3.1/../../../../arm-none-eabi/lib/thumb/v6-m/nofp\libc_nano.a
END GROUP
START GROUP
LOAD C:/ST/STM32CubeCLT_1.18.0/GNU-tools-for-STM32/bin/../lib/gcc/arm-none-eabi/13.3.1/thumb/v6-m/nofp\libgcc.a
LOAD C:/ST/STM32CubeCLT_1.18.0/GNU-tools-for-STM32/bin/../lib/gcc/arm-none-eabi/13.3.1/../../../../arm-none-eabi/lib/thumb/v6-m/nofp\libc_nano.a
END GROUP
LOAD C:/ST/STM32CubeCLT_1.18.0/GNU-tools-for-STM32/bin/../lib/gcc/arm-none-eabi/13.3.1/thumb/v6-m/nofp/crtend.o
LOAD C:/ST/STM32CubeCLT_1.18.0/GNU-tools-for-STM32/bin/../lib/gcc/arm-none-eabi/13.3.1/thumb/v6-m/nofp/crtn.o
                0x20001000                        _estack = (ORIGIN (RAM) + LENGTH (RAM))
                0x00000200                        _Min_Heap_Size = 0x200
                0x00000400                        _Min_Stack_Size = 0x400

.isr_vector     0x08000000       0xc0
                0x08000000                        . = ALIGN (0x4)
 *(.isr_vector)
 .isr_vector    0x08000000       0xc0 CMakeFiles/STM32_ParLED256.dir/startup_stm32f030x6.s.obj
                0x08000000                g_pfnVectors
                0x080000c0                        . = ALIGN (0x4)

.text           0x080000c0     0x2550
                0x080000c0                        . = ALIGN (0x4)
 *(.text)
 .text          0x080000c0       0x48 C:/ST/STM32CubeCLT_1.18.0/GNU-tools-for-STM32/bin/../lib/gcc/arm-none-eabi/13.3.1/thumb/v6-m/nofp/crtbegin.o
 .text          0x08000108      0x114 C:/ST/STM32CubeCLT_1.18.0/GNU-tools-for-STM32/bin/../lib/gcc/arm-none-eabi/13.3.1/thumb/v6-m/nofp\libgcc.a(_udivsi3.o)
                0x08000108                __aeabi_uidiv
                0x08000108                __udivsi3
                0x08000214                __aeabi_uidivmod
 .text          0x0800021c        0x4 C:/ST/STM32CubeCLT_1.18.0/GNU-tools-for-STM32/bin/../lib/gcc/arm-none-eabi/13.3.1/thumb/v6-m/nofp\libgcc.a(_dvmd_tls.o)
                0x0800021c                __aeabi_idiv0
                0x0800021c                __aeabi_ldiv0
 *(.text*)
 .text.memset   0x08000220       0x10 C:/ST/STM32CubeCLT_1.18.0/GNU-tools-for-STM32/bin/../lib/gcc/arm-none-eabi/13.3.1/../../../../arm-none-eabi/lib/thumb/v6-m/nofp\libc_nano.a(libc_a-memset.o)
                0x08000220                memset
 .text.__libc_init_array
                0x08000230       0x48 C:/ST/STM32CubeCLT_1.18.0/GNU-tools-for-STM32/bin/../lib/gcc/arm-none-eabi/13.3.1/../../../../arm-none-eabi/lib/thumb/v6-m/nofp\libc_nano.a(libc_a-init.o)
                0x08000230                __libc_init_array
 .text.matrixLED_init
                0x08000278        0x4 CMakeFiles/STM32_ParLED256.dir/Drivers/MyLib/Src/matrixled.c.obj
                0x08000278                matrixLED_init
 .text.matrixLED_update
                0x0800027c      0x20c CMakeFiles/STM32_ParLED256.dir/Drivers/MyLib/Src/matrixled.c.obj
                0x0800027c                matrixLED_update
 .text.SystemClock_Config
                0x08000488       0x7c CMakeFiles/STM32_ParLED256.dir/Core/Src/main.c.obj
                0x08000488                SystemClock_Config
 .text.startup.main
                0x08000504      0x384 CMakeFiles/STM32_ParLED256.dir/Core/Src/main.c.obj
                0x08000504                main
 .text.Error_Handler
                0x08000888        0x4 CMakeFiles/STM32_ParLED256.dir/Core/Src/main.c.obj
                0x08000888                Error_Handler
 .text.NMI_Handler
                0x0800088c        0x4 CMakeFiles/STM32_ParLED256.dir/Core/Src/stm32f0xx_it.c.obj
                0x0800088c                NMI_Handler
 .text.HardFault_Handler
                0x08000890        0x4 CMakeFiles/STM32_ParLED256.dir/Core/Src/stm32f0xx_it.c.obj
                0x08000890                HardFault_Handler
 .text.SVC_Handler
                0x08000894        0x4 CMakeFiles/STM32_ParLED256.dir/Core/Src/stm32f0xx_it.c.obj
                0x08000894                SVC_Handler
 .text.PendSV_Handler
                0x08000898        0x4 CMakeFiles/STM32_ParLED256.dir/Core/Src/stm32f0xx_it.c.obj
                0x08000898                PendSV_Handler
 .text.SysTick_Handler
                0x0800089c        0x8 CMakeFiles/STM32_ParLED256.dir/Core/Src/stm32f0xx_it.c.obj
                0x0800089c                SysTick_Handler
 .text.DMA1_Channel2_3_IRQHandler
                0x080008a4       0x18 CMakeFiles/STM32_ParLED256.dir/Core/Src/stm32f0xx_it.c.obj
                0x080008a4                DMA1_Channel2_3_IRQHandler
 .text.DMA1_Channel4_5_IRQHandler
                0x080008bc       0x18 CMakeFiles/STM32_ParLED256.dir/Core/Src/stm32f0xx_it.c.obj
                0x080008bc                DMA1_Channel4_5_IRQHandler
 .text.TIM1_BRK_UP_TRG_COM_IRQHandler
                0x080008d4       0x10 CMakeFiles/STM32_ParLED256.dir/Core/Src/stm32f0xx_it.c.obj
                0x080008d4                TIM1_BRK_UP_TRG_COM_IRQHandler
 .text.TIM3_IRQHandler
                0x080008e4       0x10 CMakeFiles/STM32_ParLED256.dir/Core/Src/stm32f0xx_it.c.obj
                0x080008e4                TIM3_IRQHandler
 .text.HAL_MspInit
                0x080008f4       0x30 CMakeFiles/STM32_ParLED256.dir/Core/Src/stm32f0xx_hal_msp.c.obj
                0x080008f4                HAL_MspInit
 .text.HAL_TIM_Base_MspInit
                0x08000924      0x184 CMakeFiles/STM32_ParLED256.dir/Core/Src/stm32f0xx_hal_msp.c.obj
                0x08000924                HAL_TIM_Base_MspInit
 .text.HAL_UART_MspInit
                0x08000aa8       0x68 CMakeFiles/STM32_ParLED256.dir/Core/Src/stm32f0xx_hal_msp.c.obj
                0x08000aa8                HAL_UART_MspInit
 .text.HAL_TIM_Base_Init
                0x08000b10       0xf8 CMakeFiles/STM32_ParLED256.dir/Drivers/STM32F0xx_HAL_Driver/Src/stm32f0xx_hal_tim.c.obj
                0x08000b10                HAL_TIM_Base_Init
 .text.HAL_TIM_Base_Start_IT
                0x08000c08       0x50 CMakeFiles/STM32_ParLED256.dir/Drivers/STM32F0xx_HAL_Driver/Src/stm32f0xx_hal_tim.c.obj
                0x08000c08                HAL_TIM_Base_Start_IT
 .text.HAL_TIM_OC_MspInit
                0x08000c58        0x4 CMakeFiles/STM32_ParLED256.dir/Drivers/STM32F0xx_HAL_Driver/Src/stm32f0xx_hal_tim.c.obj
                0x08000c58                HAL_TIM_OC_MspInit
 .text.HAL_TIM_OC_Init
                0x08000c5c       0xf8 CMakeFiles/STM32_ParLED256.dir/Drivers/STM32F0xx_HAL_Driver/Src/stm32f0xx_hal_tim.c.obj
                0x08000c5c                HAL_TIM_OC_Init
 .text.HAL_TIM_OC_ConfigChannel
                0x08000d54      0x1d8 CMakeFiles/STM32_ParLED256.dir/Drivers/STM32F0xx_HAL_Driver/Src/stm32f0xx_hal_tim.c.obj
                0x08000d54                HAL_TIM_OC_ConfigChannel
 .text.HAL_TIM_ConfigClockSource
                0x08000f2c      0x160 CMakeFiles/STM32_ParLED256.dir/Drivers/STM32F0xx_HAL_Driver/Src/stm32f0xx_hal_tim.c.obj
                0x08000f2c                HAL_TIM_ConfigClockSource
 .text.HAL_TIM_PeriodElapsedCallback
                0x0800108c        0x4 CMakeFiles/STM32_ParLED256.dir/Drivers/STM32F0xx_HAL_Driver/Src/stm32f0xx_hal_tim.c.obj
                0x0800108c                HAL_TIM_PeriodElapsedCallback
 .text.HAL_TIM_OC_DelayElapsedCallback
                0x08001090        0x4 CMakeFiles/STM32_ParLED256.dir/Drivers/STM32F0xx_HAL_Driver/Src/stm32f0xx_hal_tim.c.obj
                0x08001090                HAL_TIM_OC_DelayElapsedCallback
 .text.HAL_TIM_IC_CaptureCallback
                0x08001094        0x4 CMakeFiles/STM32_ParLED256.dir/Drivers/STM32F0xx_HAL_Driver/Src/stm32f0xx_hal_tim.c.obj
                0x08001094                HAL_TIM_IC_CaptureCallback
 .text.HAL_TIM_PWM_PulseFinishedCallback
                0x08001098        0x4 CMakeFiles/STM32_ParLED256.dir/Drivers/STM32F0xx_HAL_Driver/Src/stm32f0xx_hal_tim.c.obj
                0x08001098                HAL_TIM_PWM_PulseFinishedCallback
 .text.HAL_TIM_TriggerCallback
                0x0800109c        0x4 CMakeFiles/STM32_ParLED256.dir/Drivers/STM32F0xx_HAL_Driver/Src/stm32f0xx_hal_tim.c.obj
                0x0800109c                HAL_TIM_TriggerCallback
 .text.HAL_TIM_IRQHandler
                0x080010a0      0x148 CMakeFiles/STM32_ParLED256.dir/Drivers/STM32F0xx_HAL_Driver/Src/stm32f0xx_hal_tim.c.obj
                0x080010a0                HAL_TIM_IRQHandler
 .text.HAL_TIMEx_MasterConfigSynchronization
                0x080011e8       0x54 CMakeFiles/STM32_ParLED256.dir/Drivers/STM32F0xx_HAL_Driver/Src/stm32f0xx_hal_tim_ex.c.obj
                0x080011e8                HAL_TIMEx_MasterConfigSynchronization
 .text.HAL_TIMEx_ConfigBreakDeadTime
                0x0800123c       0x64 CMakeFiles/STM32_ParLED256.dir/Drivers/STM32F0xx_HAL_Driver/Src/stm32f0xx_hal_tim_ex.c.obj
                0x0800123c                HAL_TIMEx_ConfigBreakDeadTime
 .text.HAL_TIMEx_CommutCallback
                0x080012a0        0x4 CMakeFiles/STM32_ParLED256.dir/Drivers/STM32F0xx_HAL_Driver/Src/stm32f0xx_hal_tim_ex.c.obj
                0x080012a0                HAL_TIMEx_CommutCallback
 .text.HAL_TIMEx_BreakCallback
                0x080012a4        0x4 CMakeFiles/STM32_ParLED256.dir/Drivers/STM32F0xx_HAL_Driver/Src/stm32f0xx_hal_tim_ex.c.obj
                0x080012a4                HAL_TIMEx_BreakCallback
 .text.HAL_RCC_OscConfig
                0x080012a8      0x4b0 CMakeFiles/STM32_ParLED256.dir/Drivers/STM32F0xx_HAL_Driver/Src/stm32f0xx_hal_rcc.c.obj
                0x080012a8                HAL_RCC_OscConfig
 .text.HAL_RCC_ClockConfig
                0x08001758      0x160 CMakeFiles/STM32_ParLED256.dir/Drivers/STM32F0xx_HAL_Driver/Src/stm32f0xx_hal_rcc.c.obj
                0x08001758                HAL_RCC_ClockConfig
 .text.HAL_RCC_GetSysClockFreq
                0x080018b8       0x54 CMakeFiles/STM32_ParLED256.dir/Drivers/STM32F0xx_HAL_Driver/Src/stm32f0xx_hal_rcc.c.obj
                0x080018b8                HAL_RCC_GetSysClockFreq
 .text.HAL_RCC_GetPCLK1Freq
                0x0800190c       0x20 CMakeFiles/STM32_ParLED256.dir/Drivers/STM32F0xx_HAL_Driver/Src/stm32f0xx_hal_rcc.c.obj
                0x0800190c                HAL_RCC_GetPCLK1Freq
 .text.HAL_RCCEx_PeriphCLKConfig
                0x0800192c      0x130 CMakeFiles/STM32_ParLED256.dir/Drivers/STM32F0xx_HAL_Driver/Src/stm32f0xx_hal_rcc_ex.c.obj
                0x0800192c                HAL_RCCEx_PeriphCLKConfig
 .text.HAL_InitTick
                0x08001a5c       0x4c CMakeFiles/STM32_ParLED256.dir/Drivers/STM32F0xx_HAL_Driver/Src/stm32f0xx_hal.c.obj
                0x08001a5c                HAL_InitTick
 .text.HAL_Init
                0x08001aa8       0x20 CMakeFiles/STM32_ParLED256.dir/Drivers/STM32F0xx_HAL_Driver/Src/stm32f0xx_hal.c.obj
                0x08001aa8                HAL_Init
 .text.HAL_IncTick
                0x08001ac8       0x18 CMakeFiles/STM32_ParLED256.dir/Drivers/STM32F0xx_HAL_Driver/Src/stm32f0xx_hal.c.obj
                0x08001ac8                HAL_IncTick
 .text.HAL_GetTick
                0x08001ae0        0xc CMakeFiles/STM32_ParLED256.dir/Drivers/STM32F0xx_HAL_Driver/Src/stm32f0xx_hal.c.obj
                0x08001ae0                HAL_GetTick
 .text.HAL_Delay
                0x08001aec       0x24 CMakeFiles/STM32_ParLED256.dir/Drivers/STM32F0xx_HAL_Driver/Src/stm32f0xx_hal.c.obj
                0x08001aec                HAL_Delay
 .text.HAL_GPIO_Init
                0x08001b10      0x3a0 CMakeFiles/STM32_ParLED256.dir/Drivers/STM32F0xx_HAL_Driver/Src/stm32f0xx_hal_gpio.c.obj
                0x08001b10                HAL_GPIO_Init
 .text.HAL_GPIO_WritePin
                0x08001eb0        0xc CMakeFiles/STM32_ParLED256.dir/Drivers/STM32F0xx_HAL_Driver/Src/stm32f0xx_hal_gpio.c.obj
                0x08001eb0                HAL_GPIO_WritePin
 .text.HAL_DMA_Init
                0x08001ebc       0x68 CMakeFiles/STM32_ParLED256.dir/Drivers/STM32F0xx_HAL_Driver/Src/stm32f0xx_hal_dma.c.obj
                0x08001ebc                HAL_DMA_Init
 .text.HAL_DMA_Start
                0x08001f24       0x58 CMakeFiles/STM32_ParLED256.dir/Drivers/STM32F0xx_HAL_Driver/Src/stm32f0xx_hal_dma.c.obj
                0x08001f24                HAL_DMA_Start
 .text.HAL_DMA_IRQHandler
                0x08001f7c       0x9c CMakeFiles/STM32_ParLED256.dir/Drivers/STM32F0xx_HAL_Driver/Src/stm32f0xx_hal_dma.c.obj
                0x08001f7c                HAL_DMA_IRQHandler
 .text.HAL_NVIC_SetPriority
                0x08002018       0x54 CMakeFiles/STM32_ParLED256.dir/Drivers/STM32F0xx_HAL_Driver/Src/stm32f0xx_hal_cortex.c.obj
                0x08002018                HAL_NVIC_SetPriority
 .text.HAL_NVIC_EnableIRQ
                0x0800206c       0x18 CMakeFiles/STM32_ParLED256.dir/Drivers/STM32F0xx_HAL_Driver/Src/stm32f0xx_hal_cortex.c.obj
                0x0800206c                HAL_NVIC_EnableIRQ
 .text.HAL_SYSTICK_Config
                0x08002084       0x34 CMakeFiles/STM32_ParLED256.dir/Drivers/STM32F0xx_HAL_Driver/Src/stm32f0xx_hal_cortex.c.obj
                0x08002084                HAL_SYSTICK_Config
 .text.UART_AdvFeatureConfig
                0x080020b8       0xd0 CMakeFiles/STM32_ParLED256.dir/Drivers/STM32F0xx_HAL_Driver/Src/stm32f0xx_hal_uart.c.obj
                0x080020b8                UART_AdvFeatureConfig
 .text.UART_CheckIdleState
                0x08002188      0x29c CMakeFiles/STM32_ParLED256.dir/Drivers/STM32F0xx_HAL_Driver/Src/stm32f0xx_hal_uart.c.obj
                0x08002188                UART_CheckIdleState
 .text.HAL_UART_Init
                0x08002424      0x17c CMakeFiles/STM32_ParLED256.dir/Drivers/STM32F0xx_HAL_Driver/Src/stm32f0xx_hal_uart.c.obj
                0x08002424                HAL_UART_Init
 .text.SystemInit
                0x080025a0        0x4 CMakeFiles/STM32_ParLED256.dir/Core/Src/system_stm32f0xx.c.obj
                0x080025a0                SystemInit
 .text.Reset_Handler
                0x080025a4       0x50 CMakeFiles/STM32_ParLED256.dir/startup_stm32f030x6.s.obj
                0x080025a4                Reset_Handler
 .text.Default_Handler
                0x080025f4        0x2 CMakeFiles/STM32_ParLED256.dir/startup_stm32f030x6.s.obj
                0x080025f4                TIM1_CC_IRQHandler
                0x080025f4                I2C1_IRQHandler
                0x080025f4                SPI1_IRQHandler
                0x080025f4                EXTI2_3_IRQHandler
                0x080025f4                ADC1_IRQHandler
                0x080025f4                TIM17_IRQHandler
                0x080025f4                RTC_IRQHandler
                0x080025f4                TIM16_IRQHandler
                0x080025f4                EXTI4_15_IRQHandler
                0x080025f4                RCC_IRQHandler
                0x080025f4                DMA1_Channel1_IRQHandler
                0x080025f4                Default_Handler
                0x080025f4                TIM14_IRQHandler
                0x080025f4                EXTI0_1_IRQHandler
                0x080025f4                WWDG_IRQHandler
                0x080025f4                FLASH_IRQHandler
                0x080025f4                USART1_IRQHandler
 *(.glue_7)
 .glue_7        0x080025f6        0x0 linker stubs
 *(.glue_7t)
 .glue_7t       0x080025f6        0x0 linker stubs
 *(.eh_frame)
 *fill*         0x080025f6        0x2 
 .eh_frame      0x080025f8        0x0 C:/ST/STM32CubeCLT_1.18.0/GNU-tools-for-STM32/bin/../lib/gcc/arm-none-eabi/13.3.1/thumb/v6-m/nofp/crtbegin.o
 *(.init)
 .init          0x080025f8        0x4 C:/ST/STM32CubeCLT_1.18.0/GNU-tools-for-STM32/bin/../lib/gcc/arm-none-eabi/13.3.1/thumb/v6-m/nofp/crti.o
                0x080025f8                _init
 .init          0x080025fc        0x8 C:/ST/STM32CubeCLT_1.18.0/GNU-tools-for-STM32/bin/../lib/gcc/arm-none-eabi/13.3.1/thumb/v6-m/nofp/crtn.o
 *(.fini)
 .fini          0x08002604        0x4 C:/ST/STM32CubeCLT_1.18.0/GNU-tools-for-STM32/bin/../lib/gcc/arm-none-eabi/13.3.1/thumb/v6-m/nofp/crti.o
                0x08002604                _fini
 .fini          0x08002608        0x8 C:/ST/STM32CubeCLT_1.18.0/GNU-tools-for-STM32/bin/../lib/gcc/arm-none-eabi/13.3.1/thumb/v6-m/nofp/crtn.o
                0x08002610                        . = ALIGN (0x4)
                0x08002610                        _etext = .

.vfp11_veneer   0x08002610        0x0
 .vfp11_veneer  0x08002610        0x0 linker stubs

.v4_bx          0x08002610        0x0
 .v4_bx         0x08002610        0x0 linker stubs

.iplt           0x08002610        0x0
 .iplt          0x08002610        0x0 C:/ST/STM32CubeCLT_1.18.0/GNU-tools-for-STM32/bin/../lib/gcc/arm-none-eabi/13.3.1/thumb/v6-m/nofp/crtbegin.o

.rodata         0x08002610     0x433c
                0x08002610                        . = ALIGN (0x4)
 *(.rodata)
 *(.rodata*)
 .rodata.led_animation
                0x08002610     0x4300 CMakeFiles/STM32_ParLED256.dir/Core/Src/main.c.obj
                0x08002610                led_animation
 .rodata.aPredivFactorTable.0
                0x08006910       0x10 CMakeFiles/STM32_ParLED256.dir/Drivers/STM32F0xx_HAL_Driver/Src/stm32f0xx_hal_rcc.c.obj
 .rodata.aPLLMULFactorTable.1
                0x08006920       0x10 CMakeFiles/STM32_ParLED256.dir/Drivers/STM32F0xx_HAL_Driver/Src/stm32f0xx_hal_rcc.c.obj
 .rodata.CSWTCH.58
                0x08006930        0x3 CMakeFiles/STM32_ParLED256.dir/Drivers/STM32F0xx_HAL_Driver/Src/stm32f0xx_hal_uart.c.obj
 *fill*         0x08006933        0x1 
 .rodata.APBPrescTable
                0x08006934        0x8 CMakeFiles/STM32_ParLED256.dir/Core/Src/system_stm32f0xx.c.obj
                0x08006934                APBPrescTable
 .rodata.AHBPrescTable
                0x0800693c       0x10 CMakeFiles/STM32_ParLED256.dir/Core/Src/system_stm32f0xx.c.obj
                0x0800693c                AHBPrescTable
                0x0800694c                        . = ALIGN (0x4)

.rel.dyn        0x0800694c        0x0
 .rel.iplt      0x0800694c        0x0 C:/ST/STM32CubeCLT_1.18.0/GNU-tools-for-STM32/bin/../lib/gcc/arm-none-eabi/13.3.1/thumb/v6-m/nofp/crtbegin.o

.ARM.extab
 *(.ARM.extab* .gnu.linkonce.armextab.*)

.ARM            0x0800694c        0x0
                0x0800694c                        __exidx_start = .
 *(.ARM.exidx*)
                0x0800694c                        __exidx_end = .

.preinit_array  0x0800694c        0x0
                0x0800694c                        PROVIDE (__preinit_array_start = .)
 *(.preinit_array*)
                0x0800694c                        PROVIDE (__preinit_array_end = .)

.init_array     0x0800694c        0x4
                0x0800694c                        PROVIDE (__init_array_start = .)
 *(SORT_BY_NAME(.init_array.*))
 *(.init_array*)
 .init_array    0x0800694c        0x4 C:/ST/STM32CubeCLT_1.18.0/GNU-tools-for-STM32/bin/../lib/gcc/arm-none-eabi/13.3.1/thumb/v6-m/nofp/crtbegin.o
                0x08006950                        PROVIDE (__init_array_end = .)

.fini_array     0x08006950        0x4
                [!provide]                        PROVIDE (__fini_array_start = .)
 *(SORT_BY_NAME(.fini_array.*))
 *(.fini_array*)
 .fini_array    0x08006950        0x4 C:/ST/STM32CubeCLT_1.18.0/GNU-tools-for-STM32/bin/../lib/gcc/arm-none-eabi/13.3.1/thumb/v6-m/nofp/crtbegin.o
                [!provide]                        PROVIDE (__fini_array_end = .)
                0x08006954                        _sidata = LOADADDR (.data)

.data           0x20000000       0x94 load address 0x08006954
                0x20000000                        . = ALIGN (0x4)
                0x20000000                        _sdata = .
 *(.data)
 *(.data*)
 .data.hmatrix  0x20000000       0x88 CMakeFiles/STM32_ParLED256.dir/Core/Src/main.c.obj
                0x20000000                hmatrix
 .data.uwTickFreq
                0x20000088        0x1 CMakeFiles/STM32_ParLED256.dir/Drivers/STM32F0xx_HAL_Driver/Src/stm32f0xx_hal.c.obj
                0x20000088                uwTickFreq
 *fill*         0x20000089        0x3 
 .data.uwTickPrio
                0x2000008c        0x4 CMakeFiles/STM32_ParLED256.dir/Drivers/STM32F0xx_HAL_Driver/Src/stm32f0xx_hal.c.obj
                0x2000008c                uwTickPrio
 .data.SystemCoreClock
                0x20000090        0x4 CMakeFiles/STM32_ParLED256.dir/Core/Src/system_stm32f0xx.c.obj
                0x20000090                SystemCoreClock
                0x20000094                        . = ALIGN (0x4)
                0x20000094                        _edata = .

.igot.plt       0x20000094        0x0 load address 0x080069e8
 .igot.plt      0x20000094        0x0 C:/ST/STM32CubeCLT_1.18.0/GNU-tools-for-STM32/bin/../lib/gcc/arm-none-eabi/13.3.1/thumb/v6-m/nofp/crtbegin.o
                0x20000094                        . = ALIGN (0x4)

.bss            0x20000094      0x3cc load address 0x080069e8
                0x20000094                        _sbss = .
                0x20000094                        __bss_start__ = _sbss
 *(.bss)
 .bss           0x20000094       0x1c C:/ST/STM32CubeCLT_1.18.0/GNU-tools-for-STM32/bin/../lib/gcc/arm-none-eabi/13.3.1/thumb/v6-m/nofp/crtbegin.o
 *(.bss*)
 .bss.gpiof_odr
                0x200000b0       0x40 CMakeFiles/STM32_ParLED256.dir/Drivers/MyLib/Src/matrixled.c.obj
                0x200000b0                gpiof_odr
 .bss.gpiob_odr
                0x200000f0       0x40 CMakeFiles/STM32_ParLED256.dir/Drivers/MyLib/Src/matrixled.c.obj
                0x200000f0                gpiob_odr
 .bss.gpioa_odr
                0x20000130       0x40 CMakeFiles/STM32_ParLED256.dir/Drivers/MyLib/Src/matrixled.c.obj
                0x20000130                gpioa_odr
 .bss.gpiof_moder
                0x20000170       0x40 CMakeFiles/STM32_ParLED256.dir/Drivers/MyLib/Src/matrixled.c.obj
                0x20000170                gpiof_moder
 .bss.gpiob_moder
                0x200001b0       0x40 CMakeFiles/STM32_ParLED256.dir/Drivers/MyLib/Src/matrixled.c.obj
                0x200001b0                gpiob_moder
 .bss.gpioa_moder
                0x200001f0       0x40 CMakeFiles/STM32_ParLED256.dir/Drivers/MyLib/Src/matrixled.c.obj
                0x200001f0                gpioa_moder
 .bss.huart1    0x20000230       0x88 CMakeFiles/STM32_ParLED256.dir/Core/Src/main.c.obj
                0x20000230                huart1
 .bss.hdma_tim1_ch3_up
                0x200002b8       0x44 CMakeFiles/STM32_ParLED256.dir/Core/Src/main.c.obj
                0x200002b8                hdma_tim1_ch3_up
 .bss.hdma_tim1_ch4_trig_com
                0x200002fc       0x44 CMakeFiles/STM32_ParLED256.dir/Core/Src/main.c.obj
                0x200002fc                hdma_tim1_ch4_trig_com
 .bss.hdma_tim1_ch2
                0x20000340       0x44 CMakeFiles/STM32_ParLED256.dir/Core/Src/main.c.obj
                0x20000340                hdma_tim1_ch2
 .bss.hdma_tim1_ch1
                0x20000384       0x44 CMakeFiles/STM32_ParLED256.dir/Core/Src/main.c.obj
                0x20000384                hdma_tim1_ch1
 .bss.htim3     0x200003c8       0x48 CMakeFiles/STM32_ParLED256.dir/Core/Src/main.c.obj
                0x200003c8                htim3
 .bss.htim1     0x20000410       0x48 CMakeFiles/STM32_ParLED256.dir/Core/Src/main.c.obj
                0x20000410                htim1
 .bss.i         0x20000458        0x4 CMakeFiles/STM32_ParLED256.dir/Core/Src/main.c.obj
                0x20000458                i
 .bss.uwTick    0x2000045c        0x4 CMakeFiles/STM32_ParLED256.dir/Drivers/STM32F0xx_HAL_Driver/Src/stm32f0xx_hal.c.obj
                0x2000045c                uwTick
 *(COMMON)
                0x20000460                        . = ALIGN (0x4)
                0x20000460                        _ebss = .
                0x20000460                        __bss_end__ = _ebss

._user_heap_stack
                0x20000460      0x600 load address 0x080069e8
                0x20000460                        . = ALIGN (0x8)
                [!provide]                        PROVIDE (end = .)
                0x20000460                        PROVIDE (_end = .)
                0x20000660                        . = (. + _Min_Heap_Size)
 *fill*         0x20000460      0x200 
                0x20000a60                        . = (. + _Min_Stack_Size)
 *fill*         0x20000660      0x400 
                0x20000a60                        . = ALIGN (0x8)

/DISCARD/
 libc.a(*)
 libm.a(*)
 libgcc.a(*)

.ARM.attributes
                0x00000000       0x28
 *(.ARM.attributes)
 .ARM.attributes
                0x00000000       0x1e C:/ST/STM32CubeCLT_1.18.0/GNU-tools-for-STM32/bin/../lib/gcc/arm-none-eabi/13.3.1/thumb/v6-m/nofp/crti.o
 .ARM.attributes
                0x0000001e       0x2c C:/ST/STM32CubeCLT_1.18.0/GNU-tools-for-STM32/bin/../lib/gcc/arm-none-eabi/13.3.1/thumb/v6-m/nofp/crtbegin.o
 .ARM.attributes
                0x0000004a       0x2c C:/ST/STM32CubeCLT_1.18.0/GNU-tools-for-STM32/bin/../lib/gcc/arm-none-eabi/13.3.1/../../../../arm-none-eabi/lib/thumb/v6-m/nofp\libc_nano.a(libc_a-memset.o)
 .ARM.attributes
                0x00000076       0x2c C:/ST/STM32CubeCLT_1.18.0/GNU-tools-for-STM32/bin/../lib/gcc/arm-none-eabi/13.3.1/../../../../arm-none-eabi/lib/thumb/v6-m/nofp\libc_nano.a(libc_a-init.o)
 .ARM.attributes
                0x000000a2       0x2c CMakeFiles/STM32_ParLED256.dir/Drivers/MyLib/Src/matrixled.c.obj
 .ARM.attributes
                0x000000ce       0x2c CMakeFiles/STM32_ParLED256.dir/Core/Src/main.c.obj
 .ARM.attributes
                0x000000fa       0x2c CMakeFiles/STM32_ParLED256.dir/Core/Src/stm32f0xx_it.c.obj
 .ARM.attributes
                0x00000126       0x2c CMakeFiles/STM32_ParLED256.dir/Core/Src/stm32f0xx_hal_msp.c.obj
 .ARM.attributes
                0x00000152       0x2c CMakeFiles/STM32_ParLED256.dir/Drivers/STM32F0xx_HAL_Driver/Src/stm32f0xx_hal_tim.c.obj
 .ARM.attributes
                0x0000017e       0x2c CMakeFiles/STM32_ParLED256.dir/Drivers/STM32F0xx_HAL_Driver/Src/stm32f0xx_hal_tim_ex.c.obj
 .ARM.attributes
                0x000001aa       0x2c CMakeFiles/STM32_ParLED256.dir/Drivers/STM32F0xx_HAL_Driver/Src/stm32f0xx_hal_rcc.c.obj
 .ARM.attributes
                0x000001d6       0x2c CMakeFiles/STM32_ParLED256.dir/Drivers/STM32F0xx_HAL_Driver/Src/stm32f0xx_hal_rcc_ex.c.obj
 .ARM.attributes
                0x00000202       0x2c CMakeFiles/STM32_ParLED256.dir/Drivers/STM32F0xx_HAL_Driver/Src/stm32f0xx_hal.c.obj
 .ARM.attributes
                0x0000022e       0x2c CMakeFiles/STM32_ParLED256.dir/Drivers/STM32F0xx_HAL_Driver/Src/stm32f0xx_hal_gpio.c.obj
 .ARM.attributes
                0x0000025a       0x2c CMakeFiles/STM32_ParLED256.dir/Drivers/STM32F0xx_HAL_Driver/Src/stm32f0xx_hal_dma.c.obj
 .ARM.attributes
                0x00000286       0x2c CMakeFiles/STM32_ParLED256.dir/Drivers/STM32F0xx_HAL_Driver/Src/stm32f0xx_hal_cortex.c.obj
 .ARM.attributes
                0x000002b2       0x2c CMakeFiles/STM32_ParLED256.dir/Drivers/STM32F0xx_HAL_Driver/Src/stm32f0xx_hal_uart.c.obj
 .ARM.attributes
                0x000002de       0x2c CMakeFiles/STM32_ParLED256.dir/Core/Src/system_stm32f0xx.c.obj
 .ARM.attributes
                0x0000030a       0x21 CMakeFiles/STM32_ParLED256.dir/startup_stm32f030x6.s.obj
 .ARM.attributes
                0x0000032b       0x1e C:/ST/STM32CubeCLT_1.18.0/GNU-tools-for-STM32/bin/../lib/gcc/arm-none-eabi/13.3.1/thumb/v6-m/nofp\libgcc.a(_udivsi3.o)
 .ARM.attributes
                0x00000349       0x1e C:/ST/STM32CubeCLT_1.18.0/GNU-tools-for-STM32/bin/../lib/gcc/arm-none-eabi/13.3.1/thumb/v6-m/nofp\libgcc.a(_dvmd_tls.o)
 .ARM.attributes
                0x00000367       0x1e C:/ST/STM32CubeCLT_1.18.0/GNU-tools-for-STM32/bin/../lib/gcc/arm-none-eabi/13.3.1/thumb/v6-m/nofp/crtn.o
OUTPUT(STM32_ParLED256.elf elf32-littlearm)
LOAD linker stubs
LOAD C:/ST/STM32CubeCLT_1.18.0/GNU-tools-for-STM32/bin/../lib/gcc/arm-none-eabi/13.3.1/../../../../arm-none-eabi/lib/thumb/v6-m/nofp\libc.a
LOAD C:/ST/STM32CubeCLT_1.18.0/GNU-tools-for-STM32/bin/../lib/gcc/arm-none-eabi/13.3.1/../../../../arm-none-eabi/lib/thumb/v6-m/nofp\libm.a
LOAD C:/ST/STM32CubeCLT_1.18.0/GNU-tools-for-STM32/bin/../lib/gcc/arm-none-eabi/13.3.1/thumb/v6-m/nofp\libgcc.a

.debug_frame    0x00000000       0x6c
 .debug_frame   0x00000000       0x20 C:/ST/STM32CubeCLT_1.18.0/GNU-tools-for-STM32/bin/../lib/gcc/arm-none-eabi/13.3.1/../../../../arm-none-eabi/lib/thumb/v6-m/nofp\libc_nano.a(libc_a-memset.o)
 .debug_frame   0x00000020       0x2c C:/ST/STM32CubeCLT_1.18.0/GNU-tools-for-STM32/bin/../lib/gcc/arm-none-eabi/13.3.1/../../../../arm-none-eabi/lib/thumb/v6-m/nofp\libc_nano.a(libc_a-init.o)
 .debug_frame   0x0000004c       0x20 C:/ST/STM32CubeCLT_1.18.0/GNU-tools-for-STM32/bin/../lib/gcc/arm-none-eabi/13.3.1/thumb/v6-m/nofp\libgcc.a(_udivsi3.o)

.comment        0x00000000       0x43
 .comment       0x00000000       0x43 CMakeFiles/STM32_ParLED256.dir/Drivers/MyLib/Src/matrixled.c.obj
                                 0x44 (size before relaxing)
 .comment       0x00000043       0x44 CMakeFiles/STM32_ParLED256.dir/Core/Src/main.c.obj
 .comment       0x00000043       0x44 CMakeFiles/STM32_ParLED256.dir/Core/Src/stm32f0xx_it.c.obj
 .comment       0x00000043       0x44 CMakeFiles/STM32_ParLED256.dir/Core/Src/stm32f0xx_hal_msp.c.obj
 .comment       0x00000043       0x44 CMakeFiles/STM32_ParLED256.dir/Drivers/STM32F0xx_HAL_Driver/Src/stm32f0xx_hal_tim.c.obj
 .comment       0x00000043       0x44 CMakeFiles/STM32_ParLED256.dir/Drivers/STM32F0xx_HAL_Driver/Src/stm32f0xx_hal_tim_ex.c.obj
 .comment       0x00000043       0x44 CMakeFiles/STM32_ParLED256.dir/Drivers/STM32F0xx_HAL_Driver/Src/stm32f0xx_hal_rcc.c.obj
 .comment       0x00000043       0x44 CMakeFiles/STM32_ParLED256.dir/Drivers/STM32F0xx_HAL_Driver/Src/stm32f0xx_hal_rcc_ex.c.obj
 .comment       0x00000043       0x44 CMakeFiles/STM32_ParLED256.dir/Drivers/STM32F0xx_HAL_Driver/Src/stm32f0xx_hal.c.obj
 .comment       0x00000043       0x44 CMakeFiles/STM32_ParLED256.dir/Drivers/STM32F0xx_HAL_Driver/Src/stm32f0xx_hal_gpio.c.obj
 .comment       0x00000043       0x44 CMakeFiles/STM32_ParLED256.dir/Drivers/STM32F0xx_HAL_Driver/Src/stm32f0xx_hal_dma.c.obj
 .comment       0x00000043       0x44 CMakeFiles/STM32_ParLED256.dir/Drivers/STM32F0xx_HAL_Driver/Src/stm32f0xx_hal_cortex.c.obj
 .comment       0x00000043       0x44 CMakeFiles/STM32_ParLED256.dir/Drivers/STM32F0xx_HAL_Driver/Src/stm32f0xx_hal_uart.c.obj
 .comment       0x00000043       0x44 CMakeFiles/STM32_ParLED256.dir/Core/Src/system_stm32f0xx.c.obj
